
         /\      Grafana   /‾‾/  
    /\  /  \     |\  __   /  /   
   /  \/    \    | |/ /  /   ‾‾\ 
  /          \   |   (  |  (‾)  |
 / __________ \  |_|\_\  \_____/ 


     execution: local
        script: benchmarks/mixed-rinha-like.js
        output: -

     scenarios: (100.00%) 1 scenario, 250 max VUs, 2m20s max duration (incl. graceful stop):
              * default: Up to 250 looping VUs for 1m50s over 4 stages (gracefulRampDown: 30s, gracefulStop: 30s)


running (0m01.0s), 002/250 VUs, 24 complete and 0 interrupted iterations
default   [   1% ] 002/250 VUs  0m01.0s/1m50.0s

running (0m02.0s), 004/250 VUs, 79 complete and 0 interrupted iterations
default   [   2% ] 004/250 VUs  0m02.0s/1m50.0s

running (0m03.0s), 006/250 VUs, 165 complete and 0 interrupted iterations
default   [   3% ] 006/250 VUs  0m03.0s/1m50.0s

running (0m04.0s), 008/250 VUs, 285 complete and 0 interrupted iterations
default   [   4% ] 008/250 VUs  0m04.0s/1m50.0s

running (0m05.0s), 010/250 VUs, 450 complete and 0 interrupted iterations
default   [   5% ] 010/250 VUs  0m05.0s/1m50.0s

running (0m06.0s), 012/250 VUs, 613 complete and 0 interrupted iterations
default   [   5% ] 012/250 VUs  0m06.0s/1m50.0s

running (0m07.0s), 014/250 VUs, 806 complete and 0 interrupted iterations
default   [   6% ] 014/250 VUs  0m07.0s/1m50.0s

running (0m08.0s), 016/250 VUs, 1041 complete and 0 interrupted iterations
default   [   7% ] 016/250 VUs  0m08.0s/1m50.0s

running (0m09.0s), 018/250 VUs, 1341 complete and 0 interrupted iterations
default   [   8% ] 018/250 VUs  0m09.0s/1m50.0s

running (0m10.0s), 019/250 VUs, 1569 complete and 0 interrupted iterations
default   [   9% ] 019/250 VUs  0m10.0s/1m50.0s

running (0m11.0s), 023/250 VUs, 1954 complete and 0 interrupted iterations
default   [  10% ] 023/250 VUs  0m11.0s/1m50.0s

running (0m12.0s), 027/250 VUs, 2346 complete and 0 interrupted iterations
default   [  11% ] 027/250 VUs  0m12.0s/1m50.0s

running (0m13.0s), 031/250 VUs, 2586 complete and 0 interrupted iterations
default   [  12% ] 031/250 VUs  0m13.0s/1m50.0s

running (0m14.0s), 035/250 VUs, 3049 complete and 0 interrupted iterations
default   [  13% ] 035/250 VUs  0m14.0s/1m50.0s

running (0m15.0s), 039/250 VUs, 3292 complete and 0 interrupted iterations
default   [  14% ] 039/250 VUs  0m15.0s/1m50.0s

running (0m16.0s), 043/250 VUs, 3655 complete and 0 interrupted iterations
default   [  15% ] 043/250 VUs  0m16.0s/1m50.0s

running (0m17.0s), 047/250 VUs, 3941 complete and 0 interrupted iterations
default   [  15% ] 047/250 VUs  0m17.0s/1m50.0s

running (0m18.0s), 051/250 VUs, 4261 complete and 0 interrupted iterations
default   [  16% ] 051/250 VUs  0m18.0s/1m50.0s

running (0m19.0s), 055/250 VUs, 4574 complete and 0 interrupted iterations
default   [  17% ] 055/250 VUs  0m19.0s/1m50.0s

running (0m20.0s), 059/250 VUs, 4849 complete and 0 interrupted iterations
default   [  18% ] 059/250 VUs  0m20.0s/1m50.0s

running (0m21.0s), 063/250 VUs, 5057 complete and 0 interrupted iterations
default   [  19% ] 063/250 VUs  0m21.0s/1m50.0s

running (0m22.0s), 067/250 VUs, 5365 complete and 0 interrupted iterations
default   [  20% ] 067/250 VUs  0m22.0s/1m50.0s

running (0m23.0s), 071/250 VUs, 5791 complete and 0 interrupted iterations
default   [  21% ] 071/250 VUs  0m23.0s/1m50.0s

running (0m24.0s), 075/250 VUs, 6187 complete and 0 interrupted iterations
default   [  22% ] 075/250 VUs  0m24.0s/1m50.0s

running (0m25.0s), 079/250 VUs, 6540 complete and 0 interrupted iterations
default   [  23% ] 079/250 VUs  0m25.0s/1m50.0s

running (0m26.0s), 083/250 VUs, 6869 complete and 0 interrupted iterations
default   [  24% ] 083/250 VUs  0m26.0s/1m50.0s

running (0m27.0s), 087/250 VUs, 7452 complete and 0 interrupted iterations
default   [  25% ] 087/250 VUs  0m27.0s/1m50.0s

running (0m28.0s), 091/250 VUs, 7714 complete and 0 interrupted iterations
default   [  25% ] 091/250 VUs  0m28.0s/1m50.0s

running (0m29.0s), 095/250 VUs, 8033 complete and 0 interrupted iterations
default   [  26% ] 095/250 VUs  0m29.0s/1m50.0s

running (0m30.0s), 099/250 VUs, 8389 complete and 0 interrupted iterations
default   [  27% ] 099/250 VUs  0m30.0s/1m50.0s

running (0m31.0s), 102/250 VUs, 8738 complete and 0 interrupted iterations
default   [  28% ] 102/250 VUs  0m31.0s/1m50.0s

running (0m32.0s), 104/250 VUs, 9261 complete and 0 interrupted iterations
default   [  29% ] 104/250 VUs  0m32.0s/1m50.0s

running (0m33.0s), 107/250 VUs, 9586 complete and 0 interrupted iterations
default   [  30% ] 107/250 VUs  0m33.0s/1m50.0s

running (0m34.0s), 109/250 VUs, 9894 complete and 0 interrupted iterations
default   [  31% ] 109/250 VUs  0m34.0s/1m50.0s

running (0m35.0s), 112/250 VUs, 10309 complete and 0 interrupted iterations
default   [  32% ] 112/250 VUs  0m35.0s/1m50.0s

running (0m36.0s), 114/250 VUs, 10689 complete and 0 interrupted iterations
default   [  33% ] 114/250 VUs  0m36.0s/1m50.0s

running (0m37.0s), 117/250 VUs, 11052 complete and 0 interrupted iterations
default   [  34% ] 117/250 VUs  0m37.0s/1m50.0s

running (0m38.0s), 119/250 VUs, 11506 complete and 0 interrupted iterations
default   [  35% ] 119/250 VUs  0m38.0s/1m50.0s

running (0m39.0s), 122/250 VUs, 11758 complete and 0 interrupted iterations
default   [  35% ] 122/250 VUs  0m39.0s/1m50.0s

running (0m40.0s), 124/250 VUs, 12100 complete and 0 interrupted iterations
default   [  36% ] 124/250 VUs  0m40.0s/1m50.0s

running (0m41.0s), 127/250 VUs, 12401 complete and 0 interrupted iterations
default   [  37% ] 127/250 VUs  0m41.0s/1m50.0s

running (0m42.0s), 129/250 VUs, 12714 complete and 0 interrupted iterations
default   [  38% ] 129/250 VUs  0m42.0s/1m50.0s

running (0m43.0s), 132/250 VUs, 13044 complete and 0 interrupted iterations
default   [  39% ] 132/250 VUs  0m43.0s/1m50.0s

running (0m44.0s), 134/250 VUs, 13512 complete and 0 interrupted iterations
default   [  40% ] 134/250 VUs  0m44.0s/1m50.0s

running (0m45.0s), 137/250 VUs, 13994 complete and 0 interrupted iterations
default   [  41% ] 137/250 VUs  0m45.0s/1m50.0s

running (0m46.0s), 139/250 VUs, 14315 complete and 0 interrupted iterations
default   [  42% ] 139/250 VUs  0m46.0s/1m50.0s

running (0m47.0s), 142/250 VUs, 14665 complete and 0 interrupted iterations
default   [  43% ] 142/250 VUs  0m47.0s/1m50.0s

running (0m48.0s), 144/250 VUs, 15041 complete and 0 interrupted iterations
default   [  44% ] 144/250 VUs  0m48.0s/1m50.0s

running (0m49.0s), 147/250 VUs, 15387 complete and 0 interrupted iterations
default   [  45% ] 147/250 VUs  0m49.0s/1m50.0s

running (0m50.0s), 149/250 VUs, 15702 complete and 0 interrupted iterations
default   [  45% ] 149/250 VUs  0m50.0s/1m50.0s

running (0m51.0s), 152/250 VUs, 16075 complete and 0 interrupted iterations
default   [  46% ] 152/250 VUs  0m51.0s/1m50.0s

running (0m52.0s), 154/250 VUs, 16543 complete and 0 interrupted iterations
default   [  47% ] 154/250 VUs  0m52.0s/1m50.0s

running (0m53.0s), 157/250 VUs, 16930 complete and 0 interrupted iterations
default   [  48% ] 157/250 VUs  0m53.0s/1m50.0s

running (0m54.0s), 159/250 VUs, 17251 complete and 0 interrupted iterations
default   [  49% ] 159/250 VUs  0m54.0s/1m50.0s

running (0m55.0s), 162/250 VUs, 17487 complete and 0 interrupted iterations
default   [  50% ] 162/250 VUs  0m55.0s/1m50.0s

running (0m56.0s), 164/250 VUs, 17785 complete and 0 interrupted iterations
default   [  51% ] 164/250 VUs  0m56.0s/1m50.0s

running (0m57.0s), 167/250 VUs, 18072 complete and 0 interrupted iterations
default   [  52% ] 167/250 VUs  0m57.0s/1m50.0s

running (0m58.0s), 169/250 VUs, 18367 complete and 0 interrupted iterations
default   [  53% ] 169/250 VUs  0m58.0s/1m50.0s

running (0m59.0s), 172/250 VUs, 18721 complete and 0 interrupted iterations
default   [  54% ] 172/250 VUs  0m59.0s/1m50.0s

running (1m00.0s), 174/250 VUs, 19069 complete and 0 interrupted iterations
default   [  55% ] 174/250 VUs  1m00.0s/1m50.0s

running (1m01.0s), 177/250 VUs, 19572 complete and 0 interrupted iterations
default   [  55% ] 177/250 VUs  1m01.0s/1m50.0s

running (1m02.0s), 179/250 VUs, 20060 complete and 0 interrupted iterations
default   [  56% ] 179/250 VUs  1m02.0s/1m50.0s

running (1m03.0s), 182/250 VUs, 20363 complete and 0 interrupted iterations
default   [  57% ] 182/250 VUs  1m03.0s/1m50.0s

running (1m04.0s), 184/250 VUs, 20614 complete and 0 interrupted iterations
default   [  58% ] 184/250 VUs  1m04.0s/1m50.0s

running (1m05.0s), 187/250 VUs, 20896 complete and 0 interrupted iterations
default   [  59% ] 187/250 VUs  1m05.0s/1m50.0s

running (1m06.0s), 189/250 VUs, 21207 complete and 0 interrupted iterations
default   [  60% ] 189/250 VUs  1m06.0s/1m50.0s

running (1m07.0s), 192/250 VUs, 21522 complete and 0 interrupted iterations
default   [  61% ] 192/250 VUs  1m07.0s/1m50.0s

running (1m08.0s), 194/250 VUs, 21827 complete and 0 interrupted iterations
default   [  62% ] 194/250 VUs  1m08.0s/1m50.0s

running (1m09.0s), 197/250 VUs, 22190 complete and 0 interrupted iterations
default   [  63% ] 197/250 VUs  1m09.0s/1m50.0s

running (1m10.0s), 199/250 VUs, 22592 complete and 0 interrupted iterations
default   [  64% ] 199/250 VUs  1m10.0s/1m50.0s

running (1m11.0s), 202/250 VUs, 23026 complete and 0 interrupted iterations
default   [  65% ] 202/250 VUs  1m11.0s/1m50.0s

running (1m12.0s), 204/250 VUs, 23471 complete and 0 interrupted iterations
default   [  65% ] 204/250 VUs  1m12.0s/1m50.0s

running (1m13.0s), 207/250 VUs, 23873 complete and 0 interrupted iterations
default   [  66% ] 207/250 VUs  1m13.0s/1m50.0s

running (1m14.0s), 209/250 VUs, 24121 complete and 0 interrupted iterations
default   [  67% ] 209/250 VUs  1m14.0s/1m50.0s

running (1m15.0s), 212/250 VUs, 24397 complete and 0 interrupted iterations
default   [  68% ] 212/250 VUs  1m15.0s/1m50.0s

running (1m16.0s), 214/250 VUs, 24651 complete and 0 interrupted iterations
default   [  69% ] 214/250 VUs  1m16.0s/1m50.0s

running (1m17.0s), 217/250 VUs, 24977 complete and 0 interrupted iterations
default   [  70% ] 217/250 VUs  1m17.0s/1m50.0s

running (1m18.0s), 219/250 VUs, 25211 complete and 0 interrupted iterations
default   [  71% ] 219/250 VUs  1m18.0s/1m50.0s

running (1m19.0s), 222/250 VUs, 25532 complete and 0 interrupted iterations
default   [  72% ] 222/250 VUs  1m19.0s/1m50.0s

running (1m20.0s), 224/250 VUs, 25889 complete and 0 interrupted iterations
default   [  73% ] 224/250 VUs  1m20.0s/1m50.0s

running (1m21.0s), 227/250 VUs, 26245 complete and 0 interrupted iterations
default   [  74% ] 227/250 VUs  1m21.0s/1m50.0s

running (1m22.0s), 229/250 VUs, 26627 complete and 0 interrupted iterations
default   [  75% ] 229/250 VUs  1m22.0s/1m50.0s

running (1m23.0s), 232/250 VUs, 26936 complete and 0 interrupted iterations
default   [  75% ] 232/250 VUs  1m23.0s/1m50.0s

running (1m24.0s), 234/250 VUs, 27019 complete and 0 interrupted iterations
default   [  76% ] 234/250 VUs  1m24.0s/1m50.0s

running (1m25.0s), 237/250 VUs, 27165 complete and 0 interrupted iterations
default   [  77% ] 237/250 VUs  1m25.0s/1m50.0s

running (1m26.0s), 239/250 VUs, 27412 complete and 0 interrupted iterations
default   [  78% ] 239/250 VUs  1m26.0s/1m50.0s

running (1m27.0s), 242/250 VUs, 27817 complete and 0 interrupted iterations
default   [  79% ] 242/250 VUs  1m27.0s/1m50.0s

running (1m28.0s), 244/250 VUs, 28086 complete and 0 interrupted iterations
default   [  80% ] 244/250 VUs  1m28.0s/1m50.0s

running (1m29.0s), 247/250 VUs, 28359 complete and 0 interrupted iterations
default   [  81% ] 247/250 VUs  1m29.0s/1m50.0s

running (1m30.0s), 249/250 VUs, 28612 complete and 0 interrupted iterations
default   [  82% ] 249/250 VUs  1m30.0s/1m50.0s

running (1m31.0s), 247/250 VUs, 28847 complete and 0 interrupted iterations
default   [  83% ] 247/250 VUs  1m31.0s/1m50.0s

running (1m32.0s), 235/250 VUs, 29114 complete and 0 interrupted iterations
default   [  84% ] 235/250 VUs  1m32.0s/1m50.0s

running (1m33.0s), 218/250 VUs, 29447 complete and 0 interrupted iterations
default   [  85% ] 218/250 VUs  1m33.0s/1m50.0s

running (1m34.0s), 208/250 VUs, 29686 complete and 0 interrupted iterations
default   [  85% ] 208/250 VUs  1m34.0s/1m50.0s

running (1m35.0s), 193/250 VUs, 29981 complete and 0 interrupted iterations
default   [  86% ] 193/250 VUs  1m35.0s/1m50.0s

running (1m36.0s), 181/250 VUs, 30273 complete and 0 interrupted iterations
default   [  87% ] 181/250 VUs  1m36.0s/1m50.0s

running (1m37.0s), 167/250 VUs, 30540 complete and 0 interrupted iterations
default   [  88% ] 167/250 VUs  1m37.0s/1m50.0s

running (1m38.0s), 153/250 VUs, 30872 complete and 0 interrupted iterations
default   [  89% ] 153/250 VUs  1m38.0s/1m50.0s

running (1m39.0s), 139/250 VUs, 31308 complete and 0 interrupted iterations
default   [  90% ] 139/250 VUs  1m39.0s/1m50.0s

running (1m40.0s), 129/250 VUs, 31666 complete and 0 interrupted iterations
default   [  91% ] 129/250 VUs  1m40.0s/1m50.0s

running (1m41.0s), 117/250 VUs, 31900 complete and 0 interrupted iterations
default   [  92% ] 117/250 VUs  1m41.0s/1m50.0s

running (1m42.0s), 106/250 VUs, 32119 complete and 0 interrupted iterations
default   [  93% ] 106/250 VUs  1m42.0s/1m50.0s

running (1m43.0s), 094/250 VUs, 32389 complete and 0 interrupted iterations
default   [  94% ] 094/250 VUs  1m43.0s/1m50.0s

running (1m44.0s), 080/250 VUs, 32618 complete and 0 interrupted iterations
default   [  95% ] 080/250 VUs  1m44.0s/1m50.0s

running (1m45.0s), 065/250 VUs, 32953 complete and 0 interrupted iterations
default   [  95% ] 065/250 VUs  1m45.0s/1m50.0s

running (1m46.0s), 052/250 VUs, 33270 complete and 0 interrupted iterations
default   [  96% ] 052/250 VUs  1m46.0s/1m50.0s

running (1m47.0s), 039/250 VUs, 33489 complete and 0 interrupted iterations
default   [  97% ] 039/250 VUs  1m47.0s/1m50.0s

running (1m48.0s), 028/250 VUs, 33666 complete and 0 interrupted iterations
default   [  98% ] 028/250 VUs  1m48.0s/1m50.0s

running (1m49.0s), 014/250 VUs, 33869 complete and 0 interrupted iterations
default   [  99% ] 014/250 VUs  1m49.0s/1m50.0s

running (1m50.0s), 001/250 VUs, 33984 complete and 0 interrupted iterations
default   [ 100% ] 001/250 VUs  1m50.0s/1m50.0s


  █ THRESHOLDS 

    http_req_failed{expected_response:true}
    ✓ 'rate<0.05' rate=0.00%


  █ TOTAL RESULTS 

    checks_total.......: 56635   514.651453/s
    checks_succeeded...: 100.00% 56635 out of 56635
    checks_failed......: 0.00%   0 out of 56635

    ✓ create 201
    ✓ get 200
    ✓ search 200
    ✓ invalid 400
    ✓ count 200

    HTTP
    http_req_duration..............: avg=222.96ms min=112.1µs  med=197.61ms max=4.04s p(90)=451.37ms p(95)=598.93ms p(99)=993.24ms
      { expected_response:true }...: avg=236.31ms min=156.55µs med=199.98ms max=4.04s p(90)=497.34ms p(95)=603.6ms  p(99)=1s      
    http_req_failed................: 5.65%  3204 out of 56635
      { expected_response:true }...: 0.00%  0 out of 53431
    http_reqs......................: 56635  514.651453/s

    EXECUTION
    iteration_duration.............: avg=422.15ms min=50.16ms  med=396.88ms max=4.09s p(90)=897.28ms p(95)=1.09s    p(99)=1.6s    
    iterations.....................: 33985  308.827221/s
    vus............................: 1      min=1             max=249
    vus_max........................: 250    min=250           max=250

    NETWORK
    data_received..................: 60 MB  541 kB/s
    data_sent......................: 8.8 MB 80 kB/s




running (1m50.0s), 000/250 VUs, 33985 complete and 0 interrupted iterations
default ✓ [ 100% ] 000/250 VUs  1m50s
