
         /\      Grafana   /‾‾/  
    /\  /  \     |\  __   /  /   
   /  \/    \    | |/ /  /   ‾‾\ 
  /          \   |   (  |  (‾)  |
 / __________ \  |_|\_\  \_____/ 


     execution: local
        script: benchmarks/contract-ko.js
        output: -

     scenarios: (100.00%) 1 scenario, 1 max VUs, 10m30s max duration (incl. graceful stop):
              * default: 1 iterations shared among 1 VUs (maxDuration: 10m0s, gracefulStop: 30s)



  █ THRESHOLDS 

    http_req_failed{expected_response:true}
    ✓ 'rate<0.01' rate=0.00%


  █ TOTAL RESULTS 

    checks_total.......: 8       11.554434/s
    checks_succeeded...: 100.00% 8 out of 8
    checks_failed......: 0.00%   0 out of 8

    ✓ valid create 201
    ✓ duplicate 422
    ✓ invalid json 400
    ✓ empty body 400 or 422
    ✓ invalid field 422
    ✓ missing term 400
    ✓ not found 404
    ✓ count 200

    HTTP
    http_req_duration..............: avg=86.38ms min=237.86µs med=94.79ms max=199.89ms p(90)=199.8ms p(95)=199.85ms p(99)=199.88ms
      { expected_response:true }...: avg=45.01ms min=425.31µs med=45.01ms max=89.6ms   p(90)=80.69ms p(95)=85.14ms  p(99)=88.71ms 
    http_req_failed................: 75.00% 6 out of 8
      { expected_response:true }...: 0.00%  0 out of 2
    http_reqs......................: 8      11.554434/s

    EXECUTION
    iteration_duration.............: avg=692.3ms min=692.3ms  med=692.3ms max=692.3ms  p(90)=692.3ms p(95)=692.3ms  p(99)=692.3ms 
    iterations.....................: 1      1.444304/s

    NETWORK
    data_received..................: 1.2 kB 1.7 kB/s
    data_sent......................: 1.2 kB 1.7 kB/s




running (00m00.7s), 0/1 VUs, 1 complete and 0 interrupted iterations
default ✓ [ 100% ] 1 VUs  00m00.7s/10m0s  1/1 shared iters
