
         /\      Grafana   /‾‾/  
    /\  /  \     |\  __   /  /   
   /  \/    \    | |/ /  /   ‾‾\ 
  /          \   |   (  |  (‾)  |
 / __________ \  |_|\_\  \_____/ 


     execution: local
        script: benchmarks/smoke.js
        output: -

     scenarios: (100.00%) 1 scenario, 10 max VUs, 1m0s max duration (incl. graceful stop):
              * default: 10 looping VUs for 30s (gracefulStop: 30s)


running (0m01.0s), 10/10 VUs, 90 complete and 0 interrupted iterations
default   [   3% ] 10 VUs  01.0s/30s

running (0m02.0s), 10/10 VUs, 181 complete and 0 interrupted iterations
default   [   7% ] 10 VUs  02.0s/30s

running (0m03.0s), 10/10 VUs, 280 complete and 0 interrupted iterations
default   [  10% ] 10 VUs  03.0s/30s

running (0m04.0s), 10/10 VUs, 380 complete and 0 interrupted iterations
default   [  13% ] 10 VUs  04.0s/30s

running (0m05.0s), 10/10 VUs, 470 complete and 0 interrupted iterations
default   [  17% ] 10 VUs  05.0s/30s

running (0m06.0s), 10/10 VUs, 570 complete and 0 interrupted iterations
default   [  20% ] 10 VUs  06.0s/30s

running (0m07.0s), 10/10 VUs, 660 complete and 0 interrupted iterations
default   [  23% ] 10 VUs  07.0s/30s

running (0m08.0s), 10/10 VUs, 760 complete and 0 interrupted iterations
default   [  27% ] 10 VUs  08.0s/30s

running (0m09.0s), 10/10 VUs, 856 complete and 0 interrupted iterations
default   [  30% ] 10 VUs  09.0s/30s

running (0m10.0s), 10/10 VUs, 950 complete and 0 interrupted iterations
default   [  33% ] 10 VUs  10.0s/30s

running (0m11.0s), 10/10 VUs, 1050 complete and 0 interrupted iterations
default   [  37% ] 10 VUs  11.0s/30s

running (0m12.0s), 10/10 VUs, 1140 complete and 0 interrupted iterations
default   [  40% ] 10 VUs  12.0s/30s

running (0m13.0s), 10/10 VUs, 1240 complete and 0 interrupted iterations
default   [  43% ] 10 VUs  13.0s/30s

running (0m14.0s), 10/10 VUs, 1330 complete and 0 interrupted iterations
default   [  47% ] 10 VUs  14.0s/30s

running (0m15.0s), 10/10 VUs, 1430 complete and 0 interrupted iterations
default   [  50% ] 10 VUs  15.0s/30s

running (0m16.0s), 10/10 VUs, 1525 complete and 0 interrupted iterations
default   [  53% ] 10 VUs  16.0s/30s

running (0m17.0s), 10/10 VUs, 1620 complete and 0 interrupted iterations
default   [  57% ] 10 VUs  17.0s/30s

running (0m18.0s), 10/10 VUs, 1720 complete and 0 interrupted iterations
default   [  60% ] 10 VUs  18.0s/30s

running (0m19.0s), 10/10 VUs, 1810 complete and 0 interrupted iterations
default   [  63% ] 10 VUs  19.0s/30s

running (0m20.0s), 10/10 VUs, 1910 complete and 0 interrupted iterations
default   [  67% ] 10 VUs  20.0s/30s

running (0m21.0s), 10/10 VUs, 2000 complete and 0 interrupted iterations
default   [  70% ] 10 VUs  21.0s/30s

running (0m22.0s), 10/10 VUs, 2100 complete and 0 interrupted iterations
default   [  73% ] 10 VUs  22.0s/30s

running (0m23.0s), 10/10 VUs, 2190 complete and 0 interrupted iterations
default   [  77% ] 10 VUs  23.0s/30s

running (0m24.0s), 10/10 VUs, 2290 complete and 0 interrupted iterations
default   [  80% ] 10 VUs  24.0s/30s

running (0m25.0s), 10/10 VUs, 2380 complete and 0 interrupted iterations
default   [  83% ] 10 VUs  25.0s/30s

running (0m26.0s), 10/10 VUs, 2480 complete and 0 interrupted iterations
default   [  87% ] 10 VUs  26.0s/30s

running (0m27.0s), 10/10 VUs, 2570 complete and 0 interrupted iterations
default   [  90% ] 10 VUs  27.0s/30s

running (0m28.0s), 10/10 VUs, 2661 complete and 0 interrupted iterations
default   [  93% ] 10 VUs  28.0s/30s

running (0m29.0s), 10/10 VUs, 2753 complete and 0 interrupted iterations
default   [  97% ] 10 VUs  29.0s/30s

running (0m30.0s), 10/10 VUs, 2851 complete and 0 interrupted iterations
default   [ 100% ] 10 VUs  30.0s/30s


  █ THRESHOLDS 

    http_req_failed{expected_response:true}
    ✓ 'rate<0.01' rate=0.00%


  █ TOTAL RESULTS 

    checks_total.......: 14305   475.379274/s
    checks_succeeded...: 100.00% 14305 out of 14305
    checks_failed......: 0.00%   0 out of 14305

    ✓ create 201
    ✓ get 200
    ✓ search 200
    ✓ invalid search 400
    ✓ count 200

    HTTP
    http_req_duration..............: avg=891.27µs min=74.45µs  med=261.74µs max=49.53ms  p(90)=2.87ms   p(95)=3.88ms   p(99)=4.61ms 
      { expected_response:true }...: avg=1.08ms   min=125.36µs med=304.72µs max=49.53ms  p(90)=3.01ms   p(95)=3.97ms   p(99)=4.74ms 
    http_req_failed................: 20.00% 2861 out of 14305
      { expected_response:true }...: 0.00%  0 out of 11444
    http_reqs......................: 14305  475.379274/s

    EXECUTION
    iteration_duration.............: avg=105.07ms min=102.75ms med=104.34ms max=152.02ms p(90)=106.08ms p(95)=106.39ms p(99)=131.7ms
    iterations.....................: 2861   95.075855/s
    vus............................: 10     min=10            max=10
    vus_max........................: 10     min=10            max=10

    NETWORK
    data_received..................: 24 MB  781 kB/s
    data_sent......................: 1.7 MB 56 kB/s




running (0m30.1s), 00/10 VUs, 2861 complete and 0 interrupted iterations
default ✓ [ 100% ] 10 VUs  30s
