
         /\      Grafana   /‾‾/  
    /\  /  \     |\  __   /  /   
   /  \/    \    | |/ /  /   ‾‾\ 
  /          \   |   (  |  (‾)  |
 / __________ \  |_|\_\  \_____/ 


     execution: local
        script: benchmarks/mixed-rinha-like.js
        output: -

     scenarios: (100.00%) 1 scenario, 250 max VUs, 2m20s max duration (incl. graceful stop):
              * default: Up to 250 looping VUs for 1m50s over 4 stages (gracefulRampDown: 30s, gracefulStop: 30s)


running (0m01.0s), 002/250 VUs, 26 complete and 0 interrupted iterations
default   [   1% ] 002/250 VUs  0m01.0s/1m50.0s

running (0m02.0s), 004/250 VUs, 88 complete and 0 interrupted iterations
default   [   2% ] 004/250 VUs  0m02.0s/1m50.0s

running (0m03.0s), 006/250 VUs, 186 complete and 0 interrupted iterations
default   [   3% ] 006/250 VUs  0m03.0s/1m50.0s

running (0m04.0s), 008/250 VUs, 320 complete and 0 interrupted iterations
default   [   4% ] 008/250 VUs  0m04.0s/1m50.0s

running (0m05.0s), 010/250 VUs, 489 complete and 0 interrupted iterations
default   [   5% ] 010/250 VUs  0m05.0s/1m50.0s

running (0m06.0s), 012/250 VUs, 691 complete and 0 interrupted iterations
default   [   5% ] 012/250 VUs  0m06.0s/1m50.0s

running (0m07.0s), 014/250 VUs, 932 complete and 0 interrupted iterations
default   [   6% ] 014/250 VUs  0m07.0s/1m50.0s

running (0m08.0s), 016/250 VUs, 1209 complete and 0 interrupted iterations
default   [   7% ] 016/250 VUs  0m08.0s/1m50.0s

running (0m09.0s), 018/250 VUs, 1523 complete and 0 interrupted iterations
default   [   8% ] 018/250 VUs  0m09.0s/1m50.0s

running (0m10.0s), 019/250 VUs, 1871 complete and 0 interrupted iterations
default   [   9% ] 019/250 VUs  0m10.0s/1m50.0s

running (0m11.0s), 023/250 VUs, 2270 complete and 0 interrupted iterations
default   [  10% ] 023/250 VUs  0m11.0s/1m50.0s

running (0m12.0s), 027/250 VUs, 2742 complete and 0 interrupted iterations
default   [  11% ] 027/250 VUs  0m12.0s/1m50.0s

running (0m13.0s), 031/250 VUs, 3298 complete and 0 interrupted iterations
default   [  12% ] 031/250 VUs  0m13.0s/1m50.0s

running (0m14.0s), 035/250 VUs, 3926 complete and 0 interrupted iterations
default   [  13% ] 035/250 VUs  0m14.0s/1m50.0s

running (0m15.0s), 039/250 VUs, 4625 complete and 0 interrupted iterations
default   [  14% ] 039/250 VUs  0m15.0s/1m50.0s

running (0m16.0s), 043/250 VUs, 5396 complete and 0 interrupted iterations
default   [  15% ] 043/250 VUs  0m16.0s/1m50.0s

running (0m17.0s), 047/250 VUs, 6251 complete and 0 interrupted iterations
default   [  15% ] 047/250 VUs  0m17.0s/1m50.0s

running (0m18.0s), 051/250 VUs, 7176 complete and 0 interrupted iterations
default   [  16% ] 051/250 VUs  0m18.0s/1m50.0s

running (0m19.0s), 055/250 VUs, 8125 complete and 0 interrupted iterations
default   [  17% ] 055/250 VUs  0m19.0s/1m50.0s

running (0m20.0s), 059/250 VUs, 9138 complete and 0 interrupted iterations
default   [  18% ] 059/250 VUs  0m20.0s/1m50.0s

running (0m21.0s), 063/250 VUs, 10241 complete and 0 interrupted iterations
default   [  19% ] 063/250 VUs  0m21.0s/1m50.0s

running (0m22.0s), 067/250 VUs, 11403 complete and 0 interrupted iterations
default   [  20% ] 067/250 VUs  0m22.0s/1m50.0s

running (0m23.0s), 071/250 VUs, 12492 complete and 0 interrupted iterations
default   [  21% ] 071/250 VUs  0m23.0s/1m50.0s

running (0m24.0s), 075/250 VUs, 13588 complete and 0 interrupted iterations
default   [  22% ] 075/250 VUs  0m24.0s/1m50.0s

running (0m25.0s), 079/250 VUs, 14688 complete and 0 interrupted iterations
default   [  23% ] 079/250 VUs  0m25.0s/1m50.0s

running (0m26.0s), 083/250 VUs, 15965 complete and 0 interrupted iterations
default   [  24% ] 083/250 VUs  0m26.0s/1m50.0s

running (0m27.0s), 087/250 VUs, 16896 complete and 0 interrupted iterations
default   [  25% ] 087/250 VUs  0m27.0s/1m50.0s

running (0m28.0s), 091/250 VUs, 17878 complete and 0 interrupted iterations
default   [  25% ] 091/250 VUs  0m28.0s/1m50.0s

running (0m29.0s), 095/250 VUs, 18945 complete and 0 interrupted iterations
default   [  26% ] 095/250 VUs  0m29.0s/1m50.0s

running (0m30.0s), 099/250 VUs, 19799 complete and 0 interrupted iterations
default   [  27% ] 099/250 VUs  0m30.0s/1m50.0s

running (0m31.0s), 102/250 VUs, 20757 complete and 0 interrupted iterations
default   [  28% ] 102/250 VUs  0m31.0s/1m50.0s

running (0m32.0s), 104/250 VUs, 21609 complete and 0 interrupted iterations
default   [  29% ] 104/250 VUs  0m32.0s/1m50.0s

running (0m33.0s), 107/250 VUs, 22730 complete and 0 interrupted iterations
default   [  30% ] 107/250 VUs  0m33.0s/1m50.0s

running (0m34.0s), 109/250 VUs, 23579 complete and 0 interrupted iterations
default   [  31% ] 109/250 VUs  0m34.0s/1m50.0s

running (0m35.0s), 112/250 VUs, 24219 complete and 0 interrupted iterations
default   [  32% ] 112/250 VUs  0m35.0s/1m50.0s

running (0m36.0s), 114/250 VUs, 24876 complete and 0 interrupted iterations
default   [  33% ] 114/250 VUs  0m36.0s/1m50.0s

running (0m37.0s), 117/250 VUs, 25956 complete and 0 interrupted iterations
default   [  34% ] 117/250 VUs  0m37.0s/1m50.0s

running (0m38.0s), 119/250 VUs, 26417 complete and 0 interrupted iterations
default   [  35% ] 119/250 VUs  0m38.0s/1m50.0s

running (0m39.0s), 122/250 VUs, 27195 complete and 0 interrupted iterations
default   [  35% ] 122/250 VUs  0m39.0s/1m50.0s

running (0m40.0s), 124/250 VUs, 28197 complete and 0 interrupted iterations
default   [  36% ] 124/250 VUs  0m40.0s/1m50.0s

running (0m41.0s), 127/250 VUs, 28536 complete and 0 interrupted iterations
default   [  37% ] 127/250 VUs  0m41.0s/1m50.0s

running (0m42.0s), 129/250 VUs, 29664 complete and 0 interrupted iterations
default   [  38% ] 129/250 VUs  0m42.0s/1m50.0s

running (0m43.0s), 132/250 VUs, 30413 complete and 0 interrupted iterations
default   [  39% ] 132/250 VUs  0m43.0s/1m50.0s

running (0m44.0s), 134/250 VUs, 30901 complete and 0 interrupted iterations
default   [  40% ] 134/250 VUs  0m44.0s/1m50.0s

running (0m45.0s), 137/250 VUs, 31884 complete and 0 interrupted iterations
default   [  41% ] 137/250 VUs  0m45.0s/1m50.0s

running (0m46.0s), 139/250 VUs, 32364 complete and 0 interrupted iterations
default   [  42% ] 139/250 VUs  0m46.0s/1m50.0s

running (0m47.0s), 142/250 VUs, 33299 complete and 0 interrupted iterations
default   [  43% ] 142/250 VUs  0m47.0s/1m50.0s

running (0m48.0s), 144/250 VUs, 33645 complete and 0 interrupted iterations
default   [  44% ] 144/250 VUs  0m48.0s/1m50.0s

running (0m49.0s), 147/250 VUs, 34802 complete and 0 interrupted iterations
default   [  45% ] 147/250 VUs  0m49.0s/1m50.0s

running (0m50.0s), 149/250 VUs, 35309 complete and 0 interrupted iterations
default   [  45% ] 149/250 VUs  0m50.0s/1m50.0s

running (0m51.0s), 152/250 VUs, 36084 complete and 0 interrupted iterations
default   [  46% ] 152/250 VUs  0m51.0s/1m50.0s

running (0m52.0s), 154/250 VUs, 36558 complete and 0 interrupted iterations
default   [  47% ] 154/250 VUs  0m52.0s/1m50.0s

running (0m53.0s), 157/250 VUs, 37281 complete and 0 interrupted iterations
default   [  48% ] 157/250 VUs  0m53.0s/1m50.0s

running (0m54.0s), 159/250 VUs, 38255 complete and 0 interrupted iterations
default   [  49% ] 159/250 VUs  0m54.0s/1m50.0s

running (0m55.0s), 162/250 VUs, 38402 complete and 0 interrupted iterations
default   [  50% ] 162/250 VUs  0m55.0s/1m50.0s

running (0m56.0s), 164/250 VUs, 39315 complete and 0 interrupted iterations
default   [  51% ] 164/250 VUs  0m56.0s/1m50.0s

running (0m57.0s), 167/250 VUs, 39652 complete and 0 interrupted iterations
default   [  52% ] 167/250 VUs  0m57.0s/1m50.0s

running (0m58.0s), 169/250 VUs, 39976 complete and 0 interrupted iterations
default   [  53% ] 169/250 VUs  0m58.0s/1m50.0s

running (0m59.0s), 172/250 VUs, 41278 complete and 0 interrupted iterations
default   [  54% ] 172/250 VUs  0m59.0s/1m50.0s

running (1m00.0s), 174/250 VUs, 41662 complete and 0 interrupted iterations
default   [  55% ] 174/250 VUs  1m00.0s/1m50.0s

running (1m01.0s), 177/250 VUs, 42440 complete and 0 interrupted iterations
default   [  55% ] 177/250 VUs  1m01.0s/1m50.0s

running (1m02.0s), 179/250 VUs, 43014 complete and 0 interrupted iterations
default   [  56% ] 179/250 VUs  1m02.0s/1m50.0s

running (1m03.0s), 182/250 VUs, 43148 complete and 0 interrupted iterations
default   [  57% ] 182/250 VUs  1m03.0s/1m50.0s

running (1m04.0s), 184/250 VUs, 44587 complete and 0 interrupted iterations
default   [  58% ] 184/250 VUs  1m04.0s/1m50.0s

running (1m05.0s), 187/250 VUs, 45115 complete and 0 interrupted iterations
default   [  59% ] 187/250 VUs  1m05.0s/1m50.0s

running (1m06.0s), 189/250 VUs, 45282 complete and 0 interrupted iterations
default   [  60% ] 189/250 VUs  1m06.0s/1m50.0s

running (1m07.0s), 192/250 VUs, 46145 complete and 0 interrupted iterations
default   [  61% ] 192/250 VUs  1m07.0s/1m50.0s

running (1m08.0s), 194/250 VUs, 46669 complete and 0 interrupted iterations
default   [  62% ] 194/250 VUs  1m08.0s/1m50.0s

running (1m09.0s), 197/250 VUs, 46817 complete and 0 interrupted iterations
default   [  63% ] 197/250 VUs  1m09.0s/1m50.0s

running (1m10.0s), 199/250 VUs, 47655 complete and 0 interrupted iterations
default   [  64% ] 199/250 VUs  1m10.0s/1m50.0s

running (1m11.0s), 202/250 VUs, 48690 complete and 0 interrupted iterations
default   [  65% ] 202/250 VUs  1m11.0s/1m50.0s

running (1m12.0s), 204/250 VUs, 49044 complete and 0 interrupted iterations
default   [  65% ] 204/250 VUs  1m12.0s/1m50.0s

running (1m13.0s), 207/250 VUs, 49245 complete and 0 interrupted iterations
default   [  66% ] 207/250 VUs  1m13.0s/1m50.0s

running (1m14.0s), 209/250 VUs, 50219 complete and 0 interrupted iterations
default   [  67% ] 209/250 VUs  1m14.0s/1m50.0s

running (1m15.0s), 212/250 VUs, 50692 complete and 0 interrupted iterations
default   [  68% ] 212/250 VUs  1m15.0s/1m50.0s

running (1m16.0s), 214/250 VUs, 51045 complete and 0 interrupted iterations
default   [  69% ] 214/250 VUs  1m16.0s/1m50.0s

running (1m17.0s), 217/250 VUs, 52150 complete and 0 interrupted iterations
default   [  70% ] 217/250 VUs  1m17.0s/1m50.0s

running (1m18.0s), 219/250 VUs, 52366 complete and 0 interrupted iterations
default   [  71% ] 219/250 VUs  1m18.0s/1m50.0s

running (1m19.0s), 222/250 VUs, 52378 complete and 0 interrupted iterations
default   [  72% ] 222/250 VUs  1m19.0s/1m50.0s

running (1m20.0s), 224/250 VUs, 52462 complete and 0 interrupted iterations
default   [  73% ] 224/250 VUs  1m20.0s/1m50.0s

running (1m21.0s), 227/250 VUs, 52501 complete and 0 interrupted iterations
default   [  74% ] 227/250 VUs  1m21.0s/1m50.0s

running (1m22.0s), 229/250 VUs, 52518 complete and 0 interrupted iterations
default   [  75% ] 229/250 VUs  1m22.0s/1m50.0s

running (1m23.0s), 232/250 VUs, 52578 complete and 0 interrupted iterations
default   [  75% ] 232/250 VUs  1m23.0s/1m50.0s

running (1m24.0s), 234/250 VUs, 52608 complete and 0 interrupted iterations
default   [  76% ] 234/250 VUs  1m24.0s/1m50.0s

running (1m25.0s), 237/250 VUs, 52629 complete and 0 interrupted iterations
default   [  77% ] 237/250 VUs  1m25.0s/1m50.0s

running (1m26.0s), 239/250 VUs, 52664 complete and 0 interrupted iterations
default   [  78% ] 239/250 VUs  1m26.0s/1m50.0s

running (1m27.0s), 242/250 VUs, 52711 complete and 0 interrupted iterations
default   [  79% ] 242/250 VUs  1m27.0s/1m50.0s

running (1m28.0s), 244/250 VUs, 52780 complete and 0 interrupted iterations
default   [  80% ] 244/250 VUs  1m28.0s/1m50.0s

running (1m29.0s), 247/250 VUs, 52827 complete and 0 interrupted iterations
default   [  81% ] 247/250 VUs  1m29.0s/1m50.0s

running (1m30.0s), 249/250 VUs, 52866 complete and 0 interrupted iterations
default   [  82% ] 249/250 VUs  1m30.0s/1m50.0s

running (1m31.0s), 250/250 VUs, 52911 complete and 0 interrupted iterations
default   [  83% ] 250/250 VUs  1m31.0s/1m50.0s

running (1m32.0s), 249/250 VUs, 52943 complete and 0 interrupted iterations
default   [  84% ] 249/250 VUs  1m32.0s/1m50.0s

running (1m33.0s), 244/250 VUs, 52989 complete and 0 interrupted iterations
default   [  85% ] 244/250 VUs  1m33.0s/1m50.0s

running (1m34.0s), 237/250 VUs, 53052 complete and 0 interrupted iterations
default   [  85% ] 237/250 VUs  1m34.0s/1m50.0s

running (1m35.0s), 231/250 VUs, 53128 complete and 0 interrupted iterations
default   [  86% ] 231/250 VUs  1m35.0s/1m50.0s

running (1m36.0s), 208/250 VUs, 53224 complete and 0 interrupted iterations
default   [  87% ] 208/250 VUs  1m36.0s/1m50.0s

running (1m37.0s), 202/250 VUs, 53275 complete and 0 interrupted iterations
default   [  88% ] 202/250 VUs  1m37.0s/1m50.0s

running (1m38.0s), 188/250 VUs, 53328 complete and 0 interrupted iterations
default   [  89% ] 188/250 VUs  1m38.0s/1m50.0s

running (1m39.0s), 157/250 VUs, 53429 complete and 0 interrupted iterations
default   [  90% ] 157/250 VUs  1m39.0s/1m50.0s

running (1m40.0s), 147/250 VUs, 53515 complete and 0 interrupted iterations
default   [  91% ] 147/250 VUs  1m40.0s/1m50.0s

running (1m41.0s), 117/250 VUs, 53863 complete and 0 interrupted iterations
default   [  92% ] 117/250 VUs  1m41.0s/1m50.0s

running (1m42.0s), 117/250 VUs, 53873 complete and 0 interrupted iterations
default   [  93% ] 117/250 VUs  1m42.0s/1m50.0s

running (1m43.0s), 104/250 VUs, 53938 complete and 0 interrupted iterations
default   [  94% ] 104/250 VUs  1m43.0s/1m50.0s

running (1m44.0s), 090/250 VUs, 53987 complete and 0 interrupted iterations
default   [  95% ] 090/250 VUs  1m44.0s/1m50.0s

running (1m45.0s), 084/250 VUs, 54006 complete and 0 interrupted iterations
default   [  95% ] 084/250 VUs  1m45.0s/1m50.0s

running (1m46.0s), 072/250 VUs, 54042 complete and 0 interrupted iterations
default   [  96% ] 072/250 VUs  1m46.0s/1m50.0s

running (1m47.0s), 059/250 VUs, 54073 complete and 0 interrupted iterations
default   [  97% ] 059/250 VUs  1m47.0s/1m50.0s

running (1m48.0s), 042/250 VUs, 54118 complete and 0 interrupted iterations
default   [  98% ] 042/250 VUs  1m48.0s/1m50.0s

running (1m49.0s), 026/250 VUs, 54162 complete and 0 interrupted iterations
default   [  99% ] 026/250 VUs  1m49.0s/1m50.0s

running (1m50.0s), 001/250 VUs, 54225 complete and 0 interrupted iterations
default   [ 100% ] 001/250 VUs  1m50.0s/1m50.0s


  █ THRESHOLDS 

    http_req_failed{expected_response:true}
    ✓ 'rate<0.05' rate=0.00%


  █ TOTAL RESULTS 

    checks_total.......: 89950  817.702098/s
    checks_succeeded...: 99.88% 89851 out of 89950
    checks_failed......: 0.11%  99 out of 89950

    ✗ create 201
      ↳  99% — ✓ 35724 / ✗ 69
    ✗ get 200
      ↳  99% — ✓ 35712 / ✗ 12
    ✗ search 200
      ↳  99% — ✓ 10595 / ✗ 13
    ✓ invalid 400
    ✗ count 200
      ↳  99% — ✓ 2603 / ✗ 5

    HTTP
    http_req_duration..............: avg=132.86ms min=93.98µs  med=4.97ms  max=5s   p(90)=255.32ms p(95)=548.26ms p(99)=3.2s 
      { expected_response:true }...: avg=135.33ms min=129.16µs med=5.69ms  max=5s   p(90)=297.16ms p(95)=550.24ms p(99)=3s   
    http_req_failed................: 5.90% 5316 out of 89950
      { expected_response:true }...: 0.00% 0 out of 84634
    http_reqs......................: 89950 817.702098/s

    EXECUTION
    iteration_duration.............: avg=270.89ms min=50.16ms  med=62.75ms max=9.8s p(90)=503.38ms p(95)=905.35ms p(99)=4.89s
    iterations.....................: 54226 492.94846/s
    vus............................: 1     min=1             max=250
    vus_max........................: 250   min=250           max=250

    NETWORK
    data_received..................: 94 MB 855 kB/s
    data_sent......................: 14 MB 126 kB/s




running (1m50.0s), 000/250 VUs, 54226 complete and 0 interrupted iterations
default ✓ [ 100% ] 000/250 VUs  1m50s
