
         /\      Grafana   /‾‾/  
    /\  /  \     |\  __   /  /   
   /  \/    \    | |/ /  /   ‾‾\ 
  /          \   |   (  |  (‾)  |
 / __________ \  |_|\_\  \_____/ 


     execution: local
        script: benchmarks/smoke.js
        output: -

     scenarios: (100.00%) 1 scenario, 10 max VUs, 1m0s max duration (incl. graceful stop):
              * default: 10 looping VUs for 30s (gracefulStop: 30s)


running (0m01.0s), 10/10 VUs, 70 complete and 0 interrupted iterations
default   [   3% ] 10 VUs  01.0s/30s

running (0m02.0s), 10/10 VUs, 161 complete and 0 interrupted iterations
default   [   7% ] 10 VUs  02.0s/30s

running (0m03.0s), 10/10 VUs, 260 complete and 0 interrupted iterations
default   [  10% ] 10 VUs  03.0s/30s

running (0m04.0s), 10/10 VUs, 360 complete and 0 interrupted iterations
default   [  13% ] 10 VUs  04.0s/30s

running (0m05.0s), 10/10 VUs, 451 complete and 0 interrupted iterations
default   [  17% ] 10 VUs  05.0s/30s

running (0m06.0s), 10/10 VUs, 550 complete and 0 interrupted iterations
default   [  20% ] 10 VUs  06.0s/30s

running (0m07.0s), 10/10 VUs, 641 complete and 0 interrupted iterations
default   [  23% ] 10 VUs  07.0s/30s

running (0m08.0s), 10/10 VUs, 740 complete and 0 interrupted iterations
default   [  27% ] 10 VUs  08.0s/30s

running (0m09.0s), 10/10 VUs, 838 complete and 0 interrupted iterations
default   [  30% ] 10 VUs  09.0s/30s

running (0m10.0s), 10/10 VUs, 930 complete and 0 interrupted iterations
default   [  33% ] 10 VUs  10.0s/30s

running (0m11.0s), 10/10 VUs, 1030 complete and 0 interrupted iterations
default   [  37% ] 10 VUs  11.0s/30s

running (0m12.0s), 10/10 VUs, 1121 complete and 0 interrupted iterations
default   [  40% ] 10 VUs  12.0s/30s

running (0m13.0s), 10/10 VUs, 1220 complete and 0 interrupted iterations
default   [  43% ] 10 VUs  13.0s/30s

running (0m14.0s), 10/10 VUs, 1314 complete and 0 interrupted iterations
default   [  47% ] 10 VUs  14.0s/30s

running (0m15.0s), 10/10 VUs, 1410 complete and 0 interrupted iterations
default   [  50% ] 10 VUs  15.0s/30s

running (0m16.0s), 10/10 VUs, 1510 complete and 0 interrupted iterations
default   [  53% ] 10 VUs  16.0s/30s

running (0m17.0s), 10/10 VUs, 1600 complete and 0 interrupted iterations
default   [  57% ] 10 VUs  17.0s/30s

running (0m18.0s), 10/10 VUs, 1700 complete and 0 interrupted iterations
default   [  60% ] 10 VUs  18.0s/30s

running (0m19.0s), 10/10 VUs, 1790 complete and 0 interrupted iterations
default   [  63% ] 10 VUs  19.0s/30s

running (0m20.0s), 10/10 VUs, 1890 complete and 0 interrupted iterations
default   [  67% ] 10 VUs  20.0s/30s

running (0m21.0s), 10/10 VUs, 1981 complete and 0 interrupted iterations
default   [  70% ] 10 VUs  21.0s/30s

running (0m22.0s), 10/10 VUs, 2080 complete and 0 interrupted iterations
default   [  73% ] 10 VUs  22.0s/30s

running (0m23.0s), 10/10 VUs, 2176 complete and 0 interrupted iterations
default   [  77% ] 10 VUs  23.0s/30s

running (0m24.0s), 10/10 VUs, 2270 complete and 0 interrupted iterations
default   [  80% ] 10 VUs  24.0s/30s

running (0m25.0s), 10/10 VUs, 2368 complete and 0 interrupted iterations
default   [  83% ] 10 VUs  25.0s/30s

running (0m26.0s), 10/10 VUs, 2460 complete and 0 interrupted iterations
default   [  87% ] 10 VUs  26.0s/30s

running (0m27.0s), 10/10 VUs, 2546 complete and 0 interrupted iterations
default   [  90% ] 10 VUs  27.0s/30s

running (0m28.0s), 10/10 VUs, 2635 complete and 0 interrupted iterations
default   [  93% ] 10 VUs  28.0s/30s

running (0m29.0s), 10/10 VUs, 2735 complete and 0 interrupted iterations
default   [  97% ] 10 VUs  29.0s/30s

running (0m30.0s), 10/10 VUs, 2825 complete and 0 interrupted iterations
default   [ 100% ] 10 VUs  30.0s/30s


  █ THRESHOLDS 

    http_req_failed{expected_response:true}
    ✓ 'rate<0.01' rate=0.00%


  █ TOTAL RESULTS 

    checks_total.......: 14175   470.957248/s
    checks_succeeded...: 100.00% 14175 out of 14175
    checks_failed......: 0.00%   0 out of 14175

    ✓ create 201
    ✓ get 200
    ✓ search 200
    ✓ invalid search 400
    ✓ count 200

    HTTP
    http_req_duration..............: avg=1.08ms   min=66.4µs   med=272.66µs max=203.08ms p(90)=2.87ms   p(95)=3.87ms   p(99)=5.25ms 
      { expected_response:true }...: avg=1.32ms   min=125.95µs med=323.75µs max=203.08ms p(90)=3.02ms   p(95)=3.96ms   p(99)=7.6ms  
    http_req_failed................: 20.00% 2835 out of 14175
      { expected_response:true }...: 0.00%  0 out of 11340
    http_reqs......................: 14175  470.957248/s

    EXECUTION
    iteration_duration.............: avg=106.04ms min=102.68ms med=104.37ms max=305.85ms p(90)=106.16ms p(95)=107.25ms p(99)=141.3ms
    iterations.....................: 2835   94.19145/s
    vus............................: 10     min=10            max=10
    vus_max........................: 10     min=10            max=10

    NETWORK
    data_received..................: 23 MB  772 kB/s
    data_sent......................: 1.7 MB 56 kB/s




running (0m30.1s), 00/10 VUs, 2835 complete and 0 interrupted iterations
default ✓ [ 100% ] 10 VUs  30s
