
         /\      Grafana   /‾‾/  
    /\  /  \     |\  __   /  /   
   /  \/    \    | |/ /  /   ‾‾\ 
  /          \   |   (  |  (‾)  |
 / __________ \  |_|\_\  \_____/ 


     execution: local
        script: benchmarks/get-by-id-heavy.js
        output: -

     scenarios: (100.00%) 1 scenario, 100 max VUs, 1m30s max duration (incl. graceful stop):
              * default: 100 looping VUs for 1m0s (gracefulStop: 30s)


Run       [ 100% ] setup()
default   [   0% ]

running (0m02.0s), 100/100 VUs, 4161 complete and 0 interrupted iterations
default   [   1% ] 100 VUs  0m00.9s/1m0s

running (0m03.0s), 100/100 VUs, 8871 complete and 0 interrupted iterations
default   [   3% ] 100 VUs  0m01.9s/1m0s

running (0m04.0s), 100/100 VUs, 13661 complete and 0 interrupted iterations
default   [   5% ] 100 VUs  0m02.9s/1m0s

running (0m05.0s), 100/100 VUs, 18418 complete and 0 interrupted iterations
default   [   6% ] 100 VUs  0m03.9s/1m0s

running (0m06.0s), 100/100 VUs, 23161 complete and 0 interrupted iterations
default   [   8% ] 100 VUs  0m04.9s/1m0s

running (0m07.0s), 100/100 VUs, 27961 complete and 0 interrupted iterations
default   [  10% ] 100 VUs  0m05.9s/1m0s

running (0m08.0s), 100/100 VUs, 32721 complete and 0 interrupted iterations
default   [  11% ] 100 VUs  0m06.9s/1m0s

running (0m09.0s), 100/100 VUs, 37461 complete and 0 interrupted iterations
default   [  13% ] 100 VUs  0m07.9s/1m0s

running (0m10.0s), 100/100 VUs, 42221 complete and 0 interrupted iterations
default   [  15% ] 100 VUs  0m08.9s/1m0s

running (0m11.0s), 100/100 VUs, 46961 complete and 0 interrupted iterations
default   [  16% ] 100 VUs  0m09.9s/1m0s

running (0m12.0s), 100/100 VUs, 51661 complete and 0 interrupted iterations
default   [  18% ] 100 VUs  0m10.9s/1m0s

running (0m13.0s), 100/100 VUs, 56461 complete and 0 interrupted iterations
default   [  20% ] 100 VUs  0m11.9s/1m0s

running (0m14.0s), 100/100 VUs, 61261 complete and 0 interrupted iterations
default   [  21% ] 100 VUs  0m12.9s/1m0s

running (0m15.0s), 100/100 VUs, 65961 complete and 0 interrupted iterations
default   [  23% ] 100 VUs  0m13.9s/1m0s

running (0m16.0s), 100/100 VUs, 70761 complete and 0 interrupted iterations
default   [  25% ] 100 VUs  0m14.9s/1m0s

running (0m17.0s), 100/100 VUs, 75261 complete and 0 interrupted iterations
default   [  26% ] 100 VUs  0m15.9s/1m0s

running (0m18.0s), 100/100 VUs, 80061 complete and 0 interrupted iterations
default   [  28% ] 100 VUs  0m16.9s/1m0s

running (0m19.0s), 100/100 VUs, 84761 complete and 0 interrupted iterations
default   [  30% ] 100 VUs  0m17.9s/1m0s

running (0m20.0s), 100/100 VUs, 89441 complete and 0 interrupted iterations
default   [  31% ] 100 VUs  0m18.9s/1m0s

running (0m21.0s), 100/100 VUs, 94191 complete and 0 interrupted iterations
default   [  33% ] 100 VUs  0m19.9s/1m0s

running (0m22.0s), 100/100 VUs, 98991 complete and 0 interrupted iterations
default   [  35% ] 100 VUs  0m20.9s/1m0s

running (0m23.0s), 100/100 VUs, 103791 complete and 0 interrupted iterations
default   [  36% ] 100 VUs  0m21.9s/1m0s

running (0m24.0s), 100/100 VUs, 108491 complete and 0 interrupted iterations
default   [  38% ] 100 VUs  0m22.9s/1m0s

running (0m25.0s), 100/100 VUs, 113263 complete and 0 interrupted iterations
default   [  40% ] 100 VUs  0m23.9s/1m0s

running (0m26.0s), 100/100 VUs, 117991 complete and 0 interrupted iterations
default   [  41% ] 100 VUs  0m24.9s/1m0s

running (0m27.0s), 100/100 VUs, 122791 complete and 0 interrupted iterations
default   [  43% ] 100 VUs  0m25.9s/1m0s

running (0m28.0s), 100/100 VUs, 127497 complete and 0 interrupted iterations
default   [  45% ] 100 VUs  0m26.9s/1m0s

running (0m29.0s), 100/100 VUs, 132291 complete and 0 interrupted iterations
default   [  46% ] 100 VUs  0m27.9s/1m0s

running (0m30.0s), 100/100 VUs, 136996 complete and 0 interrupted iterations
default   [  48% ] 100 VUs  0m28.9s/1m0s

running (0m31.0s), 100/100 VUs, 141734 complete and 0 interrupted iterations
default   [  50% ] 100 VUs  0m29.9s/1m0s

running (0m32.0s), 100/100 VUs, 146496 complete and 0 interrupted iterations
default   [  51% ] 100 VUs  0m30.9s/1m0s

running (0m33.0s), 100/100 VUs, 151196 complete and 0 interrupted iterations
default   [  53% ] 100 VUs  0m31.9s/1m0s

running (0m34.0s), 100/100 VUs, 155996 complete and 0 interrupted iterations
default   [  55% ] 100 VUs  0m32.9s/1m0s

running (0m35.0s), 100/100 VUs, 160696 complete and 0 interrupted iterations
default   [  56% ] 100 VUs  0m33.9s/1m0s

running (0m36.0s), 100/100 VUs, 165496 complete and 0 interrupted iterations
default   [  58% ] 100 VUs  0m34.9s/1m0s

running (0m37.0s), 100/100 VUs, 170196 complete and 0 interrupted iterations
default   [  60% ] 100 VUs  0m35.9s/1m0s

running (0m38.0s), 100/100 VUs, 174896 complete and 0 interrupted iterations
default   [  61% ] 100 VUs  0m36.9s/1m0s

running (0m39.0s), 100/100 VUs, 179691 complete and 0 interrupted iterations
default   [  63% ] 100 VUs  0m37.9s/1m0s

running (0m40.0s), 100/100 VUs, 184443 complete and 0 interrupted iterations
default   [  65% ] 100 VUs  0m38.9s/1m0s

running (0m41.0s), 100/100 VUs, 189191 complete and 0 interrupted iterations
default   [  66% ] 100 VUs  0m39.9s/1m0s

running (0m42.0s), 100/100 VUs, 193950 complete and 0 interrupted iterations
default   [  68% ] 100 VUs  0m40.9s/1m0s

running (0m43.0s), 100/100 VUs, 198657 complete and 0 interrupted iterations
default   [  70% ] 100 VUs  0m41.9s/1m0s

running (0m44.0s), 100/100 VUs, 203457 complete and 0 interrupted iterations
default   [  71% ] 100 VUs  0m42.9s/1m0s

running (0m45.0s), 100/100 VUs, 208207 complete and 0 interrupted iterations
default   [  73% ] 100 VUs  0m43.9s/1m0s

running (0m46.0s), 100/100 VUs, 212907 complete and 0 interrupted iterations
default   [  75% ] 100 VUs  0m44.9s/1m0s

running (0m47.0s), 100/100 VUs, 217707 complete and 0 interrupted iterations
default   [  76% ] 100 VUs  0m45.9s/1m0s

running (0m48.0s), 100/100 VUs, 222405 complete and 0 interrupted iterations
default   [  78% ] 100 VUs  0m46.9s/1m0s

running (0m49.0s), 100/100 VUs, 227105 complete and 0 interrupted iterations
default   [  80% ] 100 VUs  0m47.9s/1m0s

running (0m50.0s), 100/100 VUs, 231813 complete and 0 interrupted iterations
default   [  81% ] 100 VUs  0m48.9s/1m0s

running (0m51.0s), 100/100 VUs, 236513 complete and 0 interrupted iterations
default   [  83% ] 100 VUs  0m49.9s/1m0s

running (0m52.0s), 100/100 VUs, 241313 complete and 0 interrupted iterations
default   [  85% ] 100 VUs  0m50.9s/1m0s

running (0m53.0s), 100/100 VUs, 246013 complete and 0 interrupted iterations
default   [  86% ] 100 VUs  0m51.9s/1m0s

running (0m54.0s), 100/100 VUs, 250762 complete and 0 interrupted iterations
default   [  88% ] 100 VUs  0m52.9s/1m0s

running (0m55.0s), 100/100 VUs, 255503 complete and 0 interrupted iterations
default   [  90% ] 100 VUs  0m53.9s/1m0s

running (0m56.0s), 100/100 VUs, 260213 complete and 0 interrupted iterations
default   [  91% ] 100 VUs  0m54.9s/1m0s

running (0m57.0s), 100/100 VUs, 264963 complete and 0 interrupted iterations
default   [  93% ] 100 VUs  0m55.9s/1m0s

running (0m58.0s), 100/100 VUs, 269663 complete and 0 interrupted iterations
default   [  95% ] 100 VUs  0m56.9s/1m0s

running (0m59.0s), 100/100 VUs, 274364 complete and 0 interrupted iterations
default   [  96% ] 100 VUs  0m57.9s/1m0s

running (1m00.0s), 100/100 VUs, 279085 complete and 0 interrupted iterations
default   [  98% ] 100 VUs  0m58.9s/1m0s

running (1m01.0s), 100/100 VUs, 283785 complete and 0 interrupted iterations
default   [ 100% ] 100 VUs  0m59.9s/1m0s


  █ THRESHOLDS 

    http_req_failed
    ✓ 'rate<0.01' rate=0.00%


  █ TOTAL RESULTS 

    checks_total.......: 568970  9308.896142/s
    checks_succeeded...: 100.00% 568970 out of 568970
    checks_failed......: 0.00%   0 out of 568970

    ✓ get 200
    ✓ body has id

    HTTP
    http_req_duration..............: avg=833.53µs min=129.21µs med=689.74µs max=72.17ms p(90)=1.39ms  p(95)=1.65ms  p(99)=2.29ms 
      { expected_response:true }...: avg=833.53µs min=129.21µs med=689.74µs max=72.17ms p(90)=1.39ms  p(95)=1.65ms  p(99)=2.29ms 
    http_req_failed................: 0.00%  0 out of 284785
    http_reqs......................: 284785 4659.356359/s

    EXECUTION
    iteration_duration.............: avg=21.08ms  min=20.18ms  med=20.98ms  max=80.44ms p(90)=21.63ms p(95)=21.85ms p(99)=22.54ms
    iterations.....................: 284485 4654.448071/s
    vus............................: 100    min=0           max=100
    vus_max........................: 100    min=100         max=100

    NETWORK
    data_received..................: 70 MB  1.2 MB/s
    data_sent......................: 33 MB  532 kB/s




running (1m01.1s), 000/100 VUs, 284485 complete and 0 interrupted iterations
default ✓ [ 100% ] 100 VUs  1m0s
