
         /\      Grafana   /‾‾/  
    /\  /  \     |\  __   /  /   
   /  \/    \    | |/ /  /   ‾‾\ 
  /          \   |   (  |  (‾)  |
 / __________ \  |_|\_\  \_____/ 


     execution: local
        script: benchmarks/search-heavy.js
        output: -

     scenarios: (100.00%) 1 scenario, 100 max VUs, 1m30s max duration (incl. graceful stop):
              * default: 100 looping VUs for 1m0s (gracefulStop: 30s)


running (0m01.0s), 100/100 VUs, 481 complete and 0 interrupted iterations
default   [   1% ] 100 VUs  0m00.3s/1m0s

running (0m02.0s), 100/100 VUs, 2433 complete and 0 interrupted iterations
default   [   2% ] 100 VUs  0m01.3s/1m0s

running (0m03.0s), 100/100 VUs, 4351 complete and 0 interrupted iterations
default   [   4% ] 100 VUs  0m02.3s/1m0s

running (0m04.0s), 100/100 VUs, 6272 complete and 0 interrupted iterations
default   [   6% ] 100 VUs  0m03.3s/1m0s

running (0m05.0s), 100/100 VUs, 8227 complete and 0 interrupted iterations
default   [   7% ] 100 VUs  0m04.3s/1m0s

running (0m06.0s), 100/100 VUs, 10149 complete and 0 interrupted iterations
default   [   9% ] 100 VUs  0m05.3s/1m0s

running (0m07.0s), 100/100 VUs, 11989 complete and 0 interrupted iterations
default   [  11% ] 100 VUs  0m06.3s/1m0s

running (0m08.0s), 100/100 VUs, 13589 complete and 0 interrupted iterations
default   [  12% ] 100 VUs  0m07.3s/1m0s

running (0m09.0s), 100/100 VUs, 15384 complete and 0 interrupted iterations
default   [  14% ] 100 VUs  0m08.3s/1m0s

running (0m10.0s), 100/100 VUs, 17322 complete and 0 interrupted iterations
default   [  16% ] 100 VUs  0m09.3s/1m0s

running (0m11.0s), 100/100 VUs, 19235 complete and 0 interrupted iterations
default   [  17% ] 100 VUs  0m10.3s/1m0s

running (0m12.0s), 100/100 VUs, 21092 complete and 0 interrupted iterations
default   [  19% ] 100 VUs  0m11.3s/1m0s

running (0m13.0s), 100/100 VUs, 23000 complete and 0 interrupted iterations
default   [  21% ] 100 VUs  0m12.3s/1m0s

running (0m14.0s), 100/100 VUs, 24900 complete and 0 interrupted iterations
default   [  22% ] 100 VUs  0m13.3s/1m0s

running (0m15.0s), 100/100 VUs, 26784 complete and 0 interrupted iterations
default   [  24% ] 100 VUs  0m14.3s/1m0s

running (0m16.0s), 100/100 VUs, 28711 complete and 0 interrupted iterations
default   [  26% ] 100 VUs  0m15.3s/1m0s

running (0m17.0s), 100/100 VUs, 30592 complete and 0 interrupted iterations
default   [  27% ] 100 VUs  0m16.3s/1m0s

running (0m18.0s), 100/100 VUs, 32175 complete and 0 interrupted iterations
default   [  29% ] 100 VUs  0m17.3s/1m0s

running (0m19.0s), 100/100 VUs, 33798 complete and 0 interrupted iterations
default   [  31% ] 100 VUs  0m18.3s/1m0s

running (0m20.0s), 100/100 VUs, 35685 complete and 0 interrupted iterations
default   [  32% ] 100 VUs  0m19.3s/1m0s

running (0m21.0s), 100/100 VUs, 37633 complete and 0 interrupted iterations
default   [  34% ] 100 VUs  0m20.3s/1m0s

running (0m22.0s), 100/100 VUs, 39519 complete and 0 interrupted iterations
default   [  36% ] 100 VUs  0m21.3s/1m0s

running (0m23.0s), 100/100 VUs, 41355 complete and 0 interrupted iterations
default   [  37% ] 100 VUs  0m22.3s/1m0s

running (0m24.0s), 100/100 VUs, 43331 complete and 0 interrupted iterations
default   [  39% ] 100 VUs  0m23.3s/1m0s

running (0m25.0s), 100/100 VUs, 45228 complete and 0 interrupted iterations
default   [  41% ] 100 VUs  0m24.3s/1m0s

running (0m26.0s), 100/100 VUs, 47146 complete and 0 interrupted iterations
default   [  42% ] 100 VUs  0m25.3s/1m0s

running (0m27.0s), 100/100 VUs, 49116 complete and 0 interrupted iterations
default   [  44% ] 100 VUs  0m26.3s/1m0s

running (0m28.0s), 100/100 VUs, 50855 complete and 0 interrupted iterations
default   [  46% ] 100 VUs  0m27.3s/1m0s

running (0m29.0s), 100/100 VUs, 52427 complete and 0 interrupted iterations
default   [  47% ] 100 VUs  0m28.3s/1m0s

running (0m30.0s), 100/100 VUs, 54209 complete and 0 interrupted iterations
default   [  49% ] 100 VUs  0m29.3s/1m0s

running (0m31.0s), 100/100 VUs, 55917 complete and 0 interrupted iterations
default   [  51% ] 100 VUs  0m30.3s/1m0s

running (0m32.0s), 100/100 VUs, 57776 complete and 0 interrupted iterations
default   [  52% ] 100 VUs  0m31.3s/1m0s

running (0m33.0s), 100/100 VUs, 59526 complete and 0 interrupted iterations
default   [  54% ] 100 VUs  0m32.3s/1m0s

running (0m34.0s), 100/100 VUs, 61436 complete and 0 interrupted iterations
default   [  56% ] 100 VUs  0m33.3s/1m0s

running (0m35.0s), 100/100 VUs, 63345 complete and 0 interrupted iterations
default   [  57% ] 100 VUs  0m34.3s/1m0s

running (0m36.0s), 100/100 VUs, 65290 complete and 0 interrupted iterations
default   [  59% ] 100 VUs  0m35.3s/1m0s

running (0m37.0s), 100/100 VUs, 67223 complete and 0 interrupted iterations
default   [  61% ] 100 VUs  0m36.3s/1m0s

running (0m38.0s), 100/100 VUs, 69113 complete and 0 interrupted iterations
default   [  62% ] 100 VUs  0m37.3s/1m0s

running (0m39.0s), 100/100 VUs, 71003 complete and 0 interrupted iterations
default   [  64% ] 100 VUs  0m38.3s/1m0s

running (0m40.0s), 100/100 VUs, 72880 complete and 0 interrupted iterations
default   [  66% ] 100 VUs  0m39.3s/1m0s

running (0m41.0s), 100/100 VUs, 74812 complete and 0 interrupted iterations
default   [  67% ] 100 VUs  0m40.3s/1m0s

running (0m42.0s), 100/100 VUs, 76755 complete and 0 interrupted iterations
default   [  69% ] 100 VUs  0m41.3s/1m0s

running (0m43.0s), 100/100 VUs, 78543 complete and 0 interrupted iterations
default   [  71% ] 100 VUs  0m42.3s/1m0s

running (0m44.0s), 100/100 VUs, 80243 complete and 0 interrupted iterations
default   [  72% ] 100 VUs  0m43.3s/1m0s

running (0m45.0s), 100/100 VUs, 82123 complete and 0 interrupted iterations
default   [  74% ] 100 VUs  0m44.3s/1m0s

running (0m46.0s), 100/100 VUs, 84047 complete and 0 interrupted iterations
default   [  76% ] 100 VUs  0m45.3s/1m0s

running (0m47.0s), 100/100 VUs, 85970 complete and 0 interrupted iterations
default   [  77% ] 100 VUs  0m46.3s/1m0s

running (0m48.0s), 100/100 VUs, 87812 complete and 0 interrupted iterations
default   [  79% ] 100 VUs  0m47.3s/1m0s

running (0m49.0s), 100/100 VUs, 89692 complete and 0 interrupted iterations
default   [  81% ] 100 VUs  0m48.3s/1m0s

running (0m50.0s), 100/100 VUs, 91414 complete and 0 interrupted iterations
default   [  82% ] 100 VUs  0m49.3s/1m0s

running (0m51.0s), 100/100 VUs, 93264 complete and 0 interrupted iterations
default   [  84% ] 100 VUs  0m50.3s/1m0s

running (0m52.0s), 100/100 VUs, 95152 complete and 0 interrupted iterations
default   [  86% ] 100 VUs  0m51.3s/1m0s

running (0m53.0s), 100/100 VUs, 96973 complete and 0 interrupted iterations
default   [  87% ] 100 VUs  0m52.3s/1m0s

running (0m54.0s), 100/100 VUs, 98852 complete and 0 interrupted iterations
default   [  89% ] 100 VUs  0m53.3s/1m0s

running (0m55.0s), 100/100 VUs, 100732 complete and 0 interrupted iterations
default   [  91% ] 100 VUs  0m54.3s/1m0s

running (0m56.0s), 100/100 VUs, 102356 complete and 0 interrupted iterations
default   [  92% ] 100 VUs  0m55.3s/1m0s

running (0m57.0s), 100/100 VUs, 104000 complete and 0 interrupted iterations
default   [  94% ] 100 VUs  0m56.3s/1m0s

running (0m58.0s), 100/100 VUs, 105598 complete and 0 interrupted iterations
default   [  96% ] 100 VUs  0m57.3s/1m0s

running (0m59.0s), 100/100 VUs, 107253 complete and 0 interrupted iterations
default   [  97% ] 100 VUs  0m58.3s/1m0s

running (1m00.0s), 100/100 VUs, 108923 complete and 0 interrupted iterations
default   [  99% ] 100 VUs  0m59.3s/1m0s


  █ THRESHOLDS 

    http_req_failed
    ✓ 'rate<0.02' rate=0.00%


  █ TOTAL RESULTS 

    checks_total.......: 220498  3629.4481/s
    checks_succeeded...: 100.00% 220498 out of 220498
    checks_failed......: 0.00%   0 out of 220498

    ✓ search hit 200
    ✓ search miss 200

    HTTP
    http_req_duration..............: avg=2.04ms  min=223.19µs med=589.49µs max=74.04ms  p(90)=1.21ms  p(95)=1.97ms  p(99)=42.75ms
      { expected_response:true }...: avg=2.04ms  min=223.19µs med=589.49µs max=74.04ms  p(90)=1.21ms  p(95)=1.97ms  p(99)=42.75ms
    http_req_failed................: 0.00%  0 out of 220698
    http_reqs......................: 220698 3632.740146/s

    EXECUTION
    iteration_duration.............: avg=54.45ms min=50.61ms  med=51.68ms  max=127.82ms p(90)=53.03ms p(95)=86.15ms p(99)=95.39ms
    iterations.....................: 110249 1814.72405/s
    vus............................: 100    min=100         max=100
    vus_max........................: 100    min=100         max=100

    NETWORK
    data_received..................: 65 MB  1.1 MB/s
    data_sent......................: 20 MB  323 kB/s




running (1m00.8s), 000/100 VUs, 110249 complete and 0 interrupted iterations
default ✓ [ 100% ] 100 VUs  1m0s
