
         /\      Grafana   /‾‾/  
    /\  /  \     |\  __   /  /   
   /  \/    \    | |/ /  /   ‾‾\ 
  /          \   |   (  |  (‾)  |
 / __________ \  |_|\_\  \_____/ 


     execution: local
        script: benchmarks/contract-ko.js
        output: -

     scenarios: (100.00%) 1 scenario, 1 max VUs, 10m30s max duration (incl. graceful stop):
              * default: 1 iterations shared among 1 VUs (maxDuration: 10m0s, gracefulStop: 30s)



  █ THRESHOLDS 

    http_req_failed{expected_response:true}
    ✓ 'rate<0.01' rate=0.00%


  █ TOTAL RESULTS 

    checks_total.......: 8       597.05262/s
    checks_succeeded...: 100.00% 8 out of 8
    checks_failed......: 0.00%   0 out of 8

    ✓ valid create 201
    ✓ duplicate 422
    ✓ invalid json 400
    ✓ empty body 400 or 422
    ✓ invalid field 422
    ✓ missing term 400
    ✓ not found 404
    ✓ count 200

    HTTP
    http_req_duration..............: avg=1.56ms  min=112.43µs med=225.02µs max=10.69ms p(90)=3.66ms  p(95)=7.17ms  p(99)=9.98ms 
      { expected_response:true }...: avg=5.51ms  min=340.46µs med=5.51ms   max=10.69ms p(90)=9.65ms  p(95)=10.17ms p(99)=10.58ms
    http_req_failed................: 75.00% 6 out of 8
      { expected_response:true }...: 0.00%  0 out of 2
    http_reqs......................: 8      597.05262/s

    EXECUTION
    iteration_duration.............: avg=13.32ms min=13.32ms  med=13.32ms  max=13.32ms p(90)=13.32ms p(95)=13.32ms p(99)=13.32ms
    iterations.....................: 1      74.631577/s

    NETWORK
    data_received..................: 1.2 kB 90 kB/s
    data_sent......................: 1.2 kB 88 kB/s




running (00m00.0s), 0/1 VUs, 1 complete and 0 interrupted iterations
default ✓ [ 100% ] 1 VUs  00m00.0s/10m0s  1/1 shared iters
