
         /\      Grafana   /‾‾/  
    /\  /  \     |\  __   /  /   
   /  \/    \    | |/ /  /   ‾‾\ 
  /          \   |   (  |  (‾)  |
 / __________ \  |_|\_\  \_____/ 


     execution: local
        script: /b/contract-ko.js
        output: -

     scenarios: (100.00%) 1 scenario, 1 max VUs, 10m30s max duration (incl. graceful stop):
              * default: 1 iterations shared among 1 VUs (maxDuration: 10m0s, gracefulStop: 30s)



  █ THRESHOLDS 

    http_req_failed{expected_response:true}
    ✓ 'rate<0.01' rate=0.00%


  █ TOTAL RESULTS 

    checks_total.......: 8       663.359653/s
    checks_succeeded...: 100.00% 8 out of 8
    checks_failed......: 0.00%   0 out of 8

    ✓ valid create 201
    ✓ duplicate 422
    ✓ invalid json 400
    ✓ empty body 400 or 422
    ✓ invalid field 422
    ✓ missing term 400
    ✓ not found 404
    ✓ count 200

    HTTP
    http_req_duration..............: avg=1.27ms  min=203.57µs med=462.55µs max=6.29ms  p(90)=2.84ms  p(95)=4.57ms  p(99)=5.95ms 
      { expected_response:true }...: avg=3.56ms  min=837.99µs med=3.56ms   max=6.29ms  p(90)=5.75ms  p(95)=6.02ms  p(99)=6.24ms 
    http_req_failed................: 75.00% 6 out of 8
      { expected_response:true }...: 0.00%  0 out of 2
    http_reqs......................: 8      663.359653/s

    EXECUTION
    iteration_duration.............: avg=11.93ms min=11.93ms  med=11.93ms  max=11.93ms p(90)=11.93ms p(95)=11.93ms p(99)=11.93ms
    iterations.....................: 1      82.919957/s

    NETWORK
    data_received..................: 1.2 kB 100 kB/s
    data_sent......................: 1.1 kB 95 kB/s




running (00m00.0s), 0/1 VUs, 1 complete and 0 interrupted iterations
default ✓ [ 100% ] 1 VUs  00m00.0s/10m0s  1/1 shared iters
