
         /\      Grafana   /‾‾/  
    /\  /  \     |\  __   /  /   
   /  \/    \    | |/ /  /   ‾‾\ 
  /          \   |   (  |  (‾)  |
 / __________ \  |_|\_\  \_____/ 


     execution: local
        script: /b/search-heavy.js
        output: -

     scenarios: (100.00%) 1 scenario, 100 max VUs, 1m30s max duration (incl. graceful stop):
              * default: 100 looping VUs for 1m0s (gracefulStop: 30s)


running (0m01.0s), 100/100 VUs, 3 complete and 0 interrupted iterations
default   [   1% ] 100 VUs  0m00.7s/1m0s

running (0m02.0s), 100/100 VUs, 19 complete and 0 interrupted iterations
default   [   3% ] 100 VUs  0m01.7s/1m0s

running (0m03.0s), 100/100 VUs, 51 complete and 0 interrupted iterations
default   [   4% ] 100 VUs  0m02.7s/1m0s

running (0m04.0s), 100/100 VUs, 64 complete and 0 interrupted iterations
default   [   6% ] 100 VUs  0m03.7s/1m0s

running (0m05.0s), 100/100 VUs, 151 complete and 0 interrupted iterations
default   [   8% ] 100 VUs  0m04.7s/1m0s

running (0m06.0s), 100/100 VUs, 314 complete and 0 interrupted iterations
default   [   9% ] 100 VUs  0m05.7s/1m0s

running (0m07.0s), 100/100 VUs, 526 complete and 0 interrupted iterations
default   [  11% ] 100 VUs  0m06.7s/1m0s

running (0m08.0s), 100/100 VUs, 766 complete and 0 interrupted iterations
default   [  13% ] 100 VUs  0m07.7s/1m0s

running (0m09.0s), 100/100 VUs, 1090 complete and 0 interrupted iterations
default   [  14% ] 100 VUs  0m08.7s/1m0s

running (0m10.0s), 100/100 VUs, 1407 complete and 0 interrupted iterations
default   [  16% ] 100 VUs  0m09.7s/1m0s

running (0m11.0s), 100/100 VUs, 1705 complete and 0 interrupted iterations
default   [  18% ] 100 VUs  0m10.7s/1m0s

running (0m12.0s), 100/100 VUs, 2066 complete and 0 interrupted iterations
default   [  19% ] 100 VUs  0m11.7s/1m0s

running (0m13.0s), 100/100 VUs, 2436 complete and 0 interrupted iterations
default   [  21% ] 100 VUs  0m12.7s/1m0s

running (0m14.0s), 100/100 VUs, 2844 complete and 0 interrupted iterations
default   [  23% ] 100 VUs  0m13.7s/1m0s

running (0m15.0s), 100/100 VUs, 3175 complete and 0 interrupted iterations
default   [  24% ] 100 VUs  0m14.7s/1m0s

running (0m16.0s), 100/100 VUs, 3483 complete and 0 interrupted iterations
default   [  26% ] 100 VUs  0m15.7s/1m0s

running (0m17.0s), 100/100 VUs, 3919 complete and 0 interrupted iterations
default   [  28% ] 100 VUs  0m16.7s/1m0s

running (0m18.0s), 100/100 VUs, 4348 complete and 0 interrupted iterations
default   [  29% ] 100 VUs  0m17.7s/1m0s

running (0m19.0s), 100/100 VUs, 4788 complete and 0 interrupted iterations
default   [  31% ] 100 VUs  0m18.7s/1m0s

running (0m20.0s), 100/100 VUs, 5214 complete and 0 interrupted iterations
default   [  33% ] 100 VUs  0m19.7s/1m0s

running (0m21.0s), 100/100 VUs, 5661 complete and 0 interrupted iterations
default   [  34% ] 100 VUs  0m20.7s/1m0s

running (0m22.0s), 100/100 VUs, 6024 complete and 0 interrupted iterations
default   [  36% ] 100 VUs  0m21.7s/1m0s

running (0m23.0s), 100/100 VUs, 6464 complete and 0 interrupted iterations
default   [  38% ] 100 VUs  0m22.7s/1m0s

running (0m24.0s), 100/100 VUs, 6898 complete and 0 interrupted iterations
default   [  39% ] 100 VUs  0m23.7s/1m0s

running (0m25.0s), 100/100 VUs, 7337 complete and 0 interrupted iterations
default   [  41% ] 100 VUs  0m24.7s/1m0s

running (0m26.0s), 100/100 VUs, 7750 complete and 0 interrupted iterations
default   [  43% ] 100 VUs  0m25.7s/1m0s

running (0m27.0s), 100/100 VUs, 8208 complete and 0 interrupted iterations
default   [  44% ] 100 VUs  0m26.7s/1m0s

running (0m28.0s), 100/100 VUs, 8640 complete and 0 interrupted iterations
default   [  46% ] 100 VUs  0m27.7s/1m0s

running (0m29.0s), 100/100 VUs, 9048 complete and 0 interrupted iterations
default   [  48% ] 100 VUs  0m28.7s/1m0s

running (0m30.0s), 100/100 VUs, 9425 complete and 0 interrupted iterations
default   [  49% ] 100 VUs  0m29.7s/1m0s

running (0m31.0s), 100/100 VUs, 9882 complete and 0 interrupted iterations
default   [  51% ] 100 VUs  0m30.7s/1m0s

running (0m32.0s), 100/100 VUs, 10303 complete and 0 interrupted iterations
default   [  53% ] 100 VUs  0m31.7s/1m0s

running (0m33.0s), 100/100 VUs, 10742 complete and 0 interrupted iterations
default   [  54% ] 100 VUs  0m32.7s/1m0s

running (0m34.0s), 100/100 VUs, 11124 complete and 0 interrupted iterations
default   [  56% ] 100 VUs  0m33.7s/1m0s

running (0m35.0s), 100/100 VUs, 11536 complete and 0 interrupted iterations
default   [  58% ] 100 VUs  0m34.7s/1m0s

running (0m36.0s), 100/100 VUs, 11927 complete and 0 interrupted iterations
default   [  59% ] 100 VUs  0m35.7s/1m0s

running (0m37.0s), 100/100 VUs, 12293 complete and 0 interrupted iterations
default   [  61% ] 100 VUs  0m36.7s/1m0s

running (0m38.0s), 100/100 VUs, 12699 complete and 0 interrupted iterations
default   [  63% ] 100 VUs  0m37.7s/1m0s

running (0m39.0s), 100/100 VUs, 13138 complete and 0 interrupted iterations
default   [  64% ] 100 VUs  0m38.7s/1m0s

running (0m40.0s), 100/100 VUs, 13541 complete and 0 interrupted iterations
default   [  66% ] 100 VUs  0m39.7s/1m0s

running (0m41.0s), 100/100 VUs, 13934 complete and 0 interrupted iterations
default   [  68% ] 100 VUs  0m40.7s/1m0s

running (0m42.0s), 100/100 VUs, 14384 complete and 0 interrupted iterations
default   [  69% ] 100 VUs  0m41.7s/1m0s

running (0m43.0s), 100/100 VUs, 14787 complete and 0 interrupted iterations
default   [  71% ] 100 VUs  0m42.7s/1m0s

running (0m44.0s), 100/100 VUs, 15189 complete and 0 interrupted iterations
default   [  73% ] 100 VUs  0m43.7s/1m0s

running (0m45.0s), 100/100 VUs, 15556 complete and 0 interrupted iterations
default   [  74% ] 100 VUs  0m44.7s/1m0s

running (0m46.0s), 100/100 VUs, 16016 complete and 0 interrupted iterations
default   [  76% ] 100 VUs  0m45.7s/1m0s

running (0m47.0s), 100/100 VUs, 16436 complete and 0 interrupted iterations
default   [  78% ] 100 VUs  0m46.7s/1m0s

running (0m48.0s), 100/100 VUs, 16863 complete and 0 interrupted iterations
default   [  79% ] 100 VUs  0m47.7s/1m0s

running (0m49.0s), 100/100 VUs, 17257 complete and 0 interrupted iterations
default   [  81% ] 100 VUs  0m48.7s/1m0s

running (0m50.0s), 100/100 VUs, 17702 complete and 0 interrupted iterations
default   [  83% ] 100 VUs  0m49.7s/1m0s

running (0m51.0s), 100/100 VUs, 18096 complete and 0 interrupted iterations
default   [  84% ] 100 VUs  0m50.7s/1m0s

running (0m52.0s), 100/100 VUs, 18471 complete and 0 interrupted iterations
default   [  86% ] 100 VUs  0m51.7s/1m0s

running (0m53.0s), 100/100 VUs, 18868 complete and 0 interrupted iterations
default   [  88% ] 100 VUs  0m52.7s/1m0s

running (0m54.0s), 100/100 VUs, 19277 complete and 0 interrupted iterations
default   [  89% ] 100 VUs  0m53.7s/1m0s

running (0m55.0s), 100/100 VUs, 19666 complete and 0 interrupted iterations
default   [  91% ] 100 VUs  0m54.7s/1m0s

running (0m56.0s), 100/100 VUs, 20047 complete and 0 interrupted iterations
default   [  93% ] 100 VUs  0m55.7s/1m0s

running (0m57.0s), 100/100 VUs, 20476 complete and 0 interrupted iterations
default   [  94% ] 100 VUs  0m56.7s/1m0s

running (0m58.0s), 100/100 VUs, 20869 complete and 0 interrupted iterations
default   [  96% ] 100 VUs  0m57.7s/1m0s

running (0m59.0s), 100/100 VUs, 21247 complete and 0 interrupted iterations
default   [  98% ] 100 VUs  0m58.7s/1m0s

running (1m00.0s), 100/100 VUs, 21616 complete and 0 interrupted iterations
default   [  99% ] 100 VUs  0m59.7s/1m0s


  █ THRESHOLDS 

    http_req_failed
    ✓ 'rate<0.02' rate=0.00%


  █ TOTAL RESULTS 

    checks_total.......: 43710   722.014944/s
    checks_succeeded...: 100.00% 43710 out of 43710
    checks_failed......: 0.00%   0 out of 43710

    ✓ search hit 200
    ✓ search miss 200

    HTTP
    http_req_duration..............: avg=111.37ms min=841.54µs med=94.51ms  max=5s p(90)=194.67ms p(95)=247.78ms p(99)=350.31ms
      { expected_response:true }...: avg=111.37ms min=841.54µs med=94.51ms  max=5s p(90)=194.67ms p(95)=247.78ms p(99)=350.31ms
    http_req_failed................: 0.00%  0 out of 43910
    http_reqs......................: 43910  725.318604/s

    EXECUTION
    iteration_duration.............: avg=275.04ms min=53.58ms  med=209.18ms max=8s p(90)=405.16ms p(95)=514.15ms p(99)=709.38ms
    iterations.....................: 21855  361.007472/s
    vus............................: 100    min=100        max=100
    vus_max........................: 100    min=100        max=100

    NETWORK
    data_received..................: 15 MB  244 kB/s
    data_sent......................: 3.7 MB 62 kB/s




running (1m00.5s), 000/100 VUs, 21855 complete and 0 interrupted iterations
default ✓ [ 100% ] 100 VUs  1m0s
